2026-09-11 11:36:49:   ▲ Next.js 14.2.5
2026-09-11 11:36:49:   - Local:        http://localhost:3000
2026-09-11 11:36:49: 
2026-09-11 11:36:49:  ✓ Starting...
2026-09-11 11:36:49:  ✓ Ready in 153ms
2026-09-11 13:19:20:   ▲ Next.js 14.2.5
2026-09-11 13:19:20:   - Local:        http://localhost:3000
2026-09-11 13:19:20: 
2026-09-11 13:19:20:  ✓ Starting...
2026-09-11 13:19:20:  ✓ Ready in 176ms
2026-09-11 13:22:17:   ▲ Next.js 14.2.5
2026-09-11 13:22:17:   - Local:        http://localhost:3000
2026-09-11 13:22:17: 
2026-09-11 13:22:17:  ✓ Starting...
2026-09-11 13:22:17:  ✓ Ready in 168ms
2026-09-11 13:24:39:   ▲ Next.js 14.2.5
2026-09-11 13:24:39:   - Local:        http://localhost:3000
2026-09-11 13:24:39: 
2026-09-11 13:24:39:  ✓ Starting...
2026-09-11 13:24:39:  ✓ Ready in 168ms
2026-09-11 13:28:05:   ▲ Next.js 14.2.5
2026-09-11 13:28:05:   - Local:        http://localhost:3000
2026-09-11 13:28:05: 
2026-09-11 13:28:05:  ✓ Starting...
2026-09-11 13:28:05:  ✓ Ready in 167ms
2026-09-11 13:36:35:   ▲ Next.js 14.2.5
2026-09-11 13:36:35:   - Local:        http://localhost:3000
2026-09-11 13:36:35: 
2026-09-11 13:36:35:  ✓ Starting...
2026-09-11 13:36:35:  ✓ Ready in 171ms
2026-09-11 13:50:49:   ▲ Next.js 14.2.5
2026-09-11 13:50:49:   - Local:        http://localhost:3000
2026-09-11 13:50:49: 
2026-09-11 13:50:49:  ✓ Starting...
2026-09-11 13:50:49:  ✓ Ready in 167ms
2026-09-11 15:52:21:   ▲ Next.js 14.2.5
2026-09-11 15:52:21:   - Local:        http://localhost:3000
2026-09-11 15:52:21: 
2026-09-11 15:52:21:  ✓ Starting...
2026-09-11 15:52:24:   ▲ Next.js 14.2.5
2026-09-11 15:52:24:   - Local:        http://localhost:3000
2026-09-11 15:52:24: 
2026-09-11 15:52:24:  ✓ Starting...
2026-09-11 15:52:27:   ▲ Next.js 14.2.5
2026-09-11 15:52:27:   - Local:        http://localhost:3000
2026-09-11 15:52:27: 
2026-09-11 15:52:27:  ✓ Starting...
2026-09-11 15:52:31:   ▲ Next.js 14.2.5
2026-09-11 15:52:31:   - Local:        http://localhost:3000
2026-09-11 15:52:31: 
2026-09-11 15:52:31:  ✓ Starting...
2026-09-11 15:52:34:   ▲ Next.js 14.2.5
2026-09-11 15:52:34:   - Local:        http://localhost:3000
2026-09-11 15:52:34: 
2026-09-11 15:52:34:  ✓ Starting...
2026-09-11 15:52:37:   ▲ Next.js 14.2.5
2026-09-11 15:52:37:   - Local:        http://localhost:3000
2026-09-11 15:52:37: 
2026-09-11 15:52:37:  ✓ Starting...
2026-09-11 15:52:40:   ▲ Next.js 14.2.5
2026-09-11 15:52:40:   - Local:        http://localhost:3000
2026-09-11 15:52:40: 
2026-09-11 15:52:40:  ✓ Starting...
2026-09-11 15:52:43:   ▲ Next.js 14.2.5
2026-09-11 15:52:43:   - Local:        http://localhost:3000
2026-09-11 15:52:43: 
2026-09-11 15:52:43:  ✓ Starting...
2026-09-11 15:52:47:   ▲ Next.js 14.2.5
2026-09-11 15:52:47:   - Local:        http://localhost:3000
2026-09-11 15:52:47: 
2026-09-11 15:52:47:  ✓ Starting...
2026-09-11 15:52:50:   ▲ Next.js 14.2.5
2026-09-11 15:52:50:   - Local:        http://localhost:3000
2026-09-11 15:52:50: 
2026-09-11 15:52:50:  ✓ Starting...
2026-09-11 15:57:58:   ▲ Next.js 14.2.5
2026-09-11 15:57:58:   - Local:        http://localhost:3000
2026-09-11 15:57:58: 
2026-09-11 15:57:58:  ✓ Starting...
2026-09-11 15:57:58:  ✓ Ready in 175ms
2026-09-11 15:59:10:   ▲ Next.js 14.2.5
2026-09-11 15:59:10:   - Local:        http://localhost:3000
2026-09-11 15:59:10: 
2026-09-11 15:59:10:  ✓ Starting...
2026-09-11 15:59:10:  ✓ Ready in 175ms
