2026-09-11 11:36:49: 2026-09-11 11:36:49: 2026-09-11 11:36:49:  ⚠ "next start" does not work with "output: standalone" configuration. Use "node .next/standalone/server.js" instead.
2026-09-11 13:19:20: 2026-09-11 13:19:20: 2026-09-11 13:19:20:  ⚠ "next start" does not work with "output: standalone" configuration. Use "node .next/standalone/server.js" instead.
2026-09-11 13:22:17: 2026-09-11 13:22:17: 2026-09-11 13:22:17:  ⚠ "next start" does not work with "output: standalone" configuration. Use "node .next/standalone/server.js" instead.
2026-09-11 13:24:39: 2026-09-11 13:24:39: 2026-09-11 13:24:39:  ⚠ "next start" does not work with "output: standalone" configuration. Use "node .next/standalone/server.js" instead.
2026-09-11 13:28:05: 2026-09-11 13:28:05: 2026-09-11 13:28:05:  ⚠ "next start" does not work with "output: standalone" configuration. Use "node .next/standalone/server.js" instead.
2026-09-11 13:36:35: 2026-09-11 13:36:35: 2026-09-11 13:36:35:  ⚠ "next start" does not work with "output: standalone" configuration. Use "node .next/standalone/server.js" instead.
2026-09-11 13:50:49: 2026-09-11 13:50:49: 2026-09-11 13:50:49:  ⚠ "next start" does not work with "output: standalone" configuration. Use "node .next/standalone/server.js" instead.
2026-09-11 14:11:18:  ⨯ Error: Cannot find module '/Users/cangsalak/project/eprofile/.next/server/app/api/auth/logout/route.js'
Require stack:
- /Users/cangsalak/project/eprofile/node_modules/next/dist/server/require.js
- /Users/cangsalak/project/eprofile/node_modules/next/dist/server/next-server.js
- /Users/cangsalak/project/eprofile/node_modules/next/dist/server/next.js
- /Users/cangsalak/project/eprofile/node_modules/next/dist/server/lib/start-server.js
- /Users/cangsalak/project/eprofile/node_modules/next/dist/cli/next-start.js
    at Module.<anonymous> (node:internal/modules/cjs/loader:1564:15)
    at <anonymous> (/Users/cangsalak/project/eprofile/node_modules/next/src/server/require-hook.ts:51:34)
    at wrapResolveFilename (node:internal/modules/cjs/loader:1118:27)
    at defaultResolveImplForCJSLoading (node:internal/modules/cjs/loader:1142:10)
    at resolveForCJSWithHooks (node:internal/modules/cjs/loader:1169:12)
    at Module._load (node:internal/modules/cjs/loader:1341:5)
    at wrapModuleLoad (node:internal/modules/cjs/loader:261:19)
    at Module.<anonymous> (node:internal/modules/cjs/loader:1674:12)
    at Module.mod.require (/Users/cangsalak/project/eprofile/node_modules/next/src/server/require-hook.ts:70:26)
    at require (node:internal/modules/helpers:157:16) {
  code: 'MODULE_NOT_FOUND',
  requireStack: [
    '/Users/cangsalak/project/eprofile/node_modules/next/dist/server/require.js',
    '/Users/cangsalak/project/eprofile/node_modules/next/dist/server/next-server.js',
    '/Users/cangsalak/project/eprofile/node_modules/next/dist/server/next.js',
    '/Users/cangsalak/project/eprofile/node_modules/next/dist/server/lib/start-server.js',
    '/Users/cangsalak/project/eprofile/node_modules/next/dist/cli/next-start.js'
  ]
}
2026-09-11 14:11:18:  ⨯ Error: Cannot find module '/Users/cangsalak/project/eprofile/.next/server/pages/_error.js'
Require stack:
- /Users/cangsalak/project/eprofile/node_modules/next/dist/server/require.js
- /Users/cangsalak/project/eprofile/node_modules/next/dist/server/next-server.js
- /Users/cangsalak/project/eprofile/node_modules/next/dist/server/next.js
- /Users/cangsalak/project/eprofile/node_modules/next/dist/server/lib/start-server.js
- /Users/cangsalak/project/eprofile/node_modules/next/dist/cli/next-start.js
    at Module.<anonymous> (node:internal/modules/cjs/loader:1564:15)
    at <anonymous> (/Users/cangsalak/project/eprofile/node_modules/next/src/server/require-hook.ts:51:34)
    at wrapResolveFilename (node:internal/modules/cjs/loader:1118:27)
    at defaultResolveImplForCJSLoading (node:internal/modules/cjs/loader:1142:10)
    at resolveForCJSWithHooks (node:internal/modules/cjs/loader:1169:12)
    at Module._load (node:internal/modules/cjs/loader:1341:5)
    at wrapModuleLoad (node:internal/modules/cjs/loader:261:19)
    at Module.<anonymous> (node:internal/modules/cjs/loader:1674:12)
    at Module.mod.require (/Users/cangsalak/project/eprofile/node_modules/next/src/server/require-hook.ts:70:26)
    at require (node:internal/modules/helpers:157:16) {
  code: 'MODULE_NOT_FOUND',
  requireStack: [
    '/Users/cangsalak/project/eprofile/node_modules/next/dist/server/require.js',
    '/Users/cangsalak/project/eprofile/node_modules/next/dist/server/next-server.js',
    '/Users/cangsalak/project/eprofile/node_modules/next/dist/server/next.js',
    '/Users/cangsalak/project/eprofile/node_modules/next/dist/server/lib/start-server.js',
    '/Users/cangsalak/project/eprofile/node_modules/next/dist/cli/next-start.js'
  ]
}
2026-09-11 15:51:01:  ⨯ Error: Cannot find module '/Users/cangsalak/project/eprofile/.next/server/app/api/auth/logout/route.js'
Require stack:
- /Users/cangsalak/project/eprofile/node_modules/next/dist/server/require.js
- /Users/cangsalak/project/eprofile/node_modules/next/dist/server/next-server.js
- /Users/cangsalak/project/eprofile/node_modules/next/dist/server/next.js
- /Users/cangsalak/project/eprofile/node_modules/next/dist/server/lib/start-server.js
- /Users/cangsalak/project/eprofile/node_modules/next/dist/cli/next-start.js
    at Module.<anonymous> (node:internal/modules/cjs/loader:1564:15)
    at <anonymous> (/Users/cangsalak/project/eprofile/node_modules/next/src/server/require-hook.ts:51:34)
    at wrapResolveFilename (node:internal/modules/cjs/loader:1118:27)
    at defaultResolveImplForCJSLoading (node:internal/modules/cjs/loader:1142:10)
    at resolveForCJSWithHooks (node:internal/modules/cjs/loader:1169:12)
    at Module._load (node:internal/modules/cjs/loader:1341:5)
    at wrapModuleLoad (node:internal/modules/cjs/loader:261:19)
    at Module.<anonymous> (node:internal/modules/cjs/loader:1674:12)
    at Module.mod.require (/Users/cangsalak/project/eprofile/node_modules/next/src/server/require-hook.ts:70:26)
    at require (node:internal/modules/helpers:157:16) {
  code: 'MODULE_NOT_FOUND',
  requireStack: [
    '/Users/cangsalak/project/eprofile/node_modules/next/dist/server/require.js',
    '/Users/cangsalak/project/eprofile/node_modules/next/dist/server/next-server.js',
    '/Users/cangsalak/project/eprofile/node_modules/next/dist/server/next.js',
    '/Users/cangsalak/project/eprofile/node_modules/next/dist/server/lib/start-server.js',
    '/Users/cangsalak/project/eprofile/node_modules/next/dist/cli/next-start.js'
  ]
}
2026-09-11 15:51:01:  ⨯ Error: Cannot find module '/Users/cangsalak/project/eprofile/.next/server/pages/_error.js'
Require stack:
- /Users/cangsalak/project/eprofile/node_modules/next/dist/server/require.js
- /Users/cangsalak/project/eprofile/node_modules/next/dist/server/next-server.js
- /Users/cangsalak/project/eprofile/node_modules/next/dist/server/next.js
- /Users/cangsalak/project/eprofile/node_modules/next/dist/server/lib/start-server.js
- /Users/cangsalak/project/eprofile/node_modules/next/dist/cli/next-start.js
    at Module.<anonymous> (node:internal/modules/cjs/loader:1564:15)
    at <anonymous> (/Users/cangsalak/project/eprofile/node_modules/next/src/server/require-hook.ts:51:34)
    at wrapResolveFilename (node:internal/modules/cjs/loader:1118:27)
    at defaultResolveImplForCJSLoading (node:internal/modules/cjs/loader:1142:10)
    at resolveForCJSWithHooks (node:internal/modules/cjs/loader:1169:12)
    at Module._load (node:internal/modules/cjs/loader:1341:5)
    at wrapModuleLoad (node:internal/modules/cjs/loader:261:19)
    at Module.<anonymous> (node:internal/modules/cjs/loader:1674:12)
    at Module.mod.require (/Users/cangsalak/project/eprofile/node_modules/next/src/server/require-hook.ts:70:26)
    at require (node:internal/modules/helpers:157:16) {
  code: 'MODULE_NOT_FOUND',
  requireStack: [
    '/Users/cangsalak/project/eprofile/node_modules/next/dist/server/require.js',
    '/Users/cangsalak/project/eprofile/node_modules/next/dist/server/next-server.js',
    '/Users/cangsalak/project/eprofile/node_modules/next/dist/server/next.js',
    '/Users/cangsalak/project/eprofile/node_modules/next/dist/server/lib/start-server.js',
    '/Users/cangsalak/project/eprofile/node_modules/next/dist/cli/next-start.js'
  ]
}
2026-09-11 15:51:44:  ⨯ Error: Cannot find module '/Users/cangsalak/project/eprofile/.next/server/app/api/auth/logout/route.js'
Require stack:
- /Users/cangsalak/project/eprofile/node_modules/next/dist/server/require.js
- /Users/cangsalak/project/eprofile/node_modules/next/dist/server/next-server.js
- /Users/cangsalak/project/eprofile/node_modules/next/dist/server/next.js
- /Users/cangsalak/project/eprofile/node_modules/next/dist/server/lib/start-server.js
- /Users/cangsalak/project/eprofile/node_modules/next/dist/cli/next-start.js
    at Module.<anonymous> (node:internal/modules/cjs/loader:1564:15)
    at <anonymous> (/Users/cangsalak/project/eprofile/node_modules/next/src/server/require-hook.ts:51:34)
    at wrapResolveFilename (node:internal/modules/cjs/loader:1118:27)
    at defaultResolveImplForCJSLoading (node:internal/modules/cjs/loader:1142:10)
    at resolveForCJSWithHooks (node:internal/modules/cjs/loader:1169:12)
    at Module._load (node:internal/modules/cjs/loader:1341:5)
    at wrapModuleLoad (node:internal/modules/cjs/loader:261:19)
    at Module.<anonymous> (node:internal/modules/cjs/loader:1674:12)
    at Module.mod.require (/Users/cangsalak/project/eprofile/node_modules/next/src/server/require-hook.ts:70:26)
    at require (node:internal/modules/helpers:157:16) {
  code: 'MODULE_NOT_FOUND',
  requireStack: [
    '/Users/cangsalak/project/eprofile/node_modules/next/dist/server/require.js',
    '/Users/cangsalak/project/eprofile/node_modules/next/dist/server/next-server.js',
    '/Users/cangsalak/project/eprofile/node_modules/next/dist/server/next.js',
    '/Users/cangsalak/project/eprofile/node_modules/next/dist/server/lib/start-server.js',
    '/Users/cangsalak/project/eprofile/node_modules/next/dist/cli/next-start.js'
  ]
}
2026-09-11 15:51:44:  ⨯ Error: Cannot find module '/Users/cangsalak/project/eprofile/.next/server/pages/_error.js'
Require stack:
- /Users/cangsalak/project/eprofile/node_modules/next/dist/server/require.js
- /Users/cangsalak/project/eprofile/node_modules/next/dist/server/next-server.js
- /Users/cangsalak/project/eprofile/node_modules/next/dist/server/next.js
- /Users/cangsalak/project/eprofile/node_modules/next/dist/server/lib/start-server.js
- /Users/cangsalak/project/eprofile/node_modules/next/dist/cli/next-start.js
    at Module.<anonymous> (node:internal/modules/cjs/loader:1564:15)
    at <anonymous> (/Users/cangsalak/project/eprofile/node_modules/next/src/server/require-hook.ts:51:34)
    at wrapResolveFilename (node:internal/modules/cjs/loader:1118:27)
    at defaultResolveImplForCJSLoading (node:internal/modules/cjs/loader:1142:10)
    at resolveForCJSWithHooks (node:internal/modules/cjs/loader:1169:12)
    at Module._load (node:internal/modules/cjs/loader:1341:5)
    at wrapModuleLoad (node:internal/modules/cjs/loader:261:19)
    at Module.<anonymous> (node:internal/modules/cjs/loader:1674:12)
    at Module.mod.require (/Users/cangsalak/project/eprofile/node_modules/next/src/server/require-hook.ts:70:26)
    at require (node:internal/modules/helpers:157:16) {
  code: 'MODULE_NOT_FOUND',
  requireStack: [
    '/Users/cangsalak/project/eprofile/node_modules/next/dist/server/require.js',
    '/Users/cangsalak/project/eprofile/node_modules/next/dist/server/next-server.js',
    '/Users/cangsalak/project/eprofile/node_modules/next/dist/server/next.js',
    '/Users/cangsalak/project/eprofile/node_modules/next/dist/server/lib/start-server.js',
    '/Users/cangsalak/project/eprofile/node_modules/next/dist/cli/next-start.js'
  ]
}
2026-09-11 15:51:57:  ⨯ Error: Cannot find module '/Users/cangsalak/project/eprofile/.next/server/app/api/auth/logout/route.js'
Require stack:
- /Users/cangsalak/project/eprofile/node_modules/next/dist/server/require.js
- /Users/cangsalak/project/eprofile/node_modules/next/dist/server/next-server.js
- /Users/cangsalak/project/eprofile/node_modules/next/dist/server/next.js
- /Users/cangsalak/project/eprofile/node_modules/next/dist/server/lib/start-server.js
- /Users/cangsalak/project/eprofile/node_modules/next/dist/cli/next-start.js
    at Module.<anonymous> (node:internal/modules/cjs/loader:1564:15)
    at <anonymous> (/Users/cangsalak/project/eprofile/node_modules/next/src/server/require-hook.ts:51:34)
    at wrapResolveFilename (node:internal/modules/cjs/loader:1118:27)
    at defaultResolveImplForCJSLoading (node:internal/modules/cjs/loader:1142:10)
    at resolveForCJSWithHooks (node:internal/modules/cjs/loader:1169:12)
    at Module._load (node:internal/modules/cjs/loader:1341:5)
    at wrapModuleLoad (node:internal/modules/cjs/loader:261:19)
    at Module.<anonymous> (node:internal/modules/cjs/loader:1674:12)
    at Module.mod.require (/Users/cangsalak/project/eprofile/node_modules/next/src/server/require-hook.ts:70:26)
    at require (node:internal/modules/helpers:157:16) {
  code: 'MODULE_NOT_FOUND',
  requireStack: [
    '/Users/cangsalak/project/eprofile/node_modules/next/dist/server/require.js',
    '/Users/cangsalak/project/eprofile/node_modules/next/dist/server/next-server.js',
    '/Users/cangsalak/project/eprofile/node_modules/next/dist/server/next.js',
    '/Users/cangsalak/project/eprofile/node_modules/next/dist/server/lib/start-server.js',
    '/Users/cangsalak/project/eprofile/node_modules/next/dist/cli/next-start.js'
  ]
}
2026-09-11 15:51:57:  ⨯ Error: Cannot find module '/Users/cangsalak/project/eprofile/.next/server/pages/_error.js'
Require stack:
- /Users/cangsalak/project/eprofile/node_modules/next/dist/server/require.js
- /Users/cangsalak/project/eprofile/node_modules/next/dist/server/next-server.js
- /Users/cangsalak/project/eprofile/node_modules/next/dist/server/next.js
- /Users/cangsalak/project/eprofile/node_modules/next/dist/server/lib/start-server.js
- /Users/cangsalak/project/eprofile/node_modules/next/dist/cli/next-start.js
    at Module.<anonymous> (node:internal/modules/cjs/loader:1564:15)
    at <anonymous> (/Users/cangsalak/project/eprofile/node_modules/next/src/server/require-hook.ts:51:34)
    at wrapResolveFilename (node:internal/modules/cjs/loader:1118:27)
    at defaultResolveImplForCJSLoading (node:internal/modules/cjs/loader:1142:10)
    at resolveForCJSWithHooks (node:internal/modules/cjs/loader:1169:12)
    at Module._load (node:internal/modules/cjs/loader:1341:5)
    at wrapModuleLoad (node:internal/modules/cjs/loader:261:19)
    at Module.<anonymous> (node:internal/modules/cjs/loader:1674:12)
    at Module.mod.require (/Users/cangsalak/project/eprofile/node_modules/next/src/server/require-hook.ts:70:26)
    at require (node:internal/modules/helpers:157:16) {
  code: 'MODULE_NOT_FOUND',
  requireStack: [
    '/Users/cangsalak/project/eprofile/node_modules/next/dist/server/require.js',
    '/Users/cangsalak/project/eprofile/node_modules/next/dist/server/next-server.js',
    '/Users/cangsalak/project/eprofile/node_modules/next/dist/server/next.js',
    '/Users/cangsalak/project/eprofile/node_modules/next/dist/server/lib/start-server.js',
    '/Users/cangsalak/project/eprofile/node_modules/next/dist/cli/next-start.js'
  ]
}
2026-09-11 15:52:21: 2026-09-11 15:52:21: 2026-09-11 15:52:21: Error: Could not find a production build in the '.next' directory. Try building your app with 'next build' before starting the production server. https://nextjs.org/docs/messages/production-start-no-build-id
    at setupFsCheck (/Users/cangsalak/project/eprofile/node_modules/next/src/server/lib/router-utils/filesystem.ts:157:13)
    at async initialize (/Users/cangsalak/project/eprofile/node_modules/next/src/server/lib/router-server.ts:93:21)
    at async Server.<anonymous> (/Users/cangsalak/project/eprofile/node_modules/next/src/server/lib/start-server.ts:293:28)
2026-09-11 15:52:24: 2026-09-11 15:52:24: 2026-09-11 15:52:28: 2026-09-11 15:52:28: 2026-09-11 15:52:31: 2026-09-11 15:52:31: 2026-09-11 15:52:34: 2026-09-11 15:52:34: 2026-09-11 15:52:37: 2026-09-11 15:52:37: 2026-09-11 15:52:40: 2026-09-11 15:52:40: 2026-09-11 15:52:44: 2026-09-11 15:52:44: 2026-09-11 15:52:47: 2026-09-11 15:52:47: 2026-09-11 15:52:50: 2026-09-11 15:52:50: 2026-09-11 15:57:58: 2026-09-11 15:57:58: 2026-09-11 15:57:58:  ⚠ "next start" does not work with "output: standalone" configuration. Use "node .next/standalone/server.js" instead.
2026-09-11 15:59:10: 2026-09-11 15:59:10: 2026-09-11 15:59:10:  ⚠ "next start" does not work with "output: standalone" configuration. Use "node .next/standalone/server.js" instead.
2026-09-11 16:12:58: 2026-09-11 16:12:58: 2026-09-11 16:12:58:  ⚠ "next start" does not work with "output: standalone" configuration. Use "node .next/standalone/server.js" instead.
2026-09-11 16:14:22: 2026-09-11 16:14:22: 2026-09-11 16:14:22:  ⚠ "next start" does not work with "output: standalone" configuration. Use "node .next/standalone/server.js" instead.
2026-09-11 16:14:36: Failed to list media files: PrismaClientValidationError: 
Invalid `prisma.mediaFile.count()` invocation:

{
  select: {
    _count: {
      select: {
        _all: true
      }
    }
  },
  where: {
    OR: [
      {
        mimetype: "application/pdf"
      },
      {
        filename: {
          endsWith: ".pdf",
          mode: "insensitive"
        }
      }
    ]
  }
}

Unknown argument `mode`. Did you mean `lte`? Available options are marked with ?.
    at wn (/Users/cangsalak/project/eprofile/node_modules/@prisma/client/runtime/library.js:29:1363)
    at $n.handleRequestError (/Users/cangsalak/project/eprofile/node_modules/@prisma/client/runtime/library.js:121:6958)
    at $n.handleAndLogRequestError (/Users/cangsalak/project/eprofile/node_modules/@prisma/client/runtime/library.js:121:6623)
    at $n.request (/Users/cangsalak/project/eprofile/node_modules/@prisma/client/runtime/library.js:121:6307)
    at async l (/Users/cangsalak/project/eprofile/node_modules/@prisma/client/runtime/library.js:130:9633)
    at async Promise.all (index 0)
    at async ep (/Users/cangsalak/project/eprofile/.next/server/chunks/1823.js:10:7533)
    at async ez (/Users/cangsalak/project/eprofile/.next/server/chunks/1823.js:10:56427)
    at async <anonymous> (webpack://next/dist/esm/server/future/route-modules/app-route/module.js:195:37)
    at async eR.execute (webpack://next/dist/esm/server/future/route-modules/app-route/module.js:124:26) {
  clientVersion: '5.22.0'
}
2026-09-11 16:14:37: Failed to list media files: PrismaClientValidationError: 
Invalid `prisma.mediaFile.count()` invocation:

{
  select: {
    _count: {
      select: {
        _all: true
      }
    }
  },
  where: {
    OR: [
      {
        mimetype: {
          contains: "word"
        }
      },
      {
        mimetype: {
          contains: "excel"
        }
      },
      {
        mimetype: {
          contains: "spreadsheet"
        }
      },
      {
        mimetype: {
          contains: "presentation"
        }
      },
      {
        mimetype: {
          contains: "text/"
        }
      },
      {
        filename: {
          endsWith: ".docx",
          mode: "insensitive"
        }
      },
      {
        filename: {
          endsWith: ".xlsx",
          mode: "insensitive"
        }
      },
      {
        filename: {
          endsWith: ".pptx",
          mode: "insensitive"
        }
      },
      {
        filename: {
          endsWith: ".txt",
          mode: "insensitive"
        }
      },
      {
        filename: {
          endsWith: ".csv",
          mode: "insensitive"
        }
      }
    ]
  }
}

Unknown argument `mode`. Did you mean `lte`? Available options are marked with ?.
    at wn (/Users/cangsalak/project/eprofile/node_modules/@prisma/client/runtime/library.js:29:1363)
    at $n.handleRequestError (/Users/cangsalak/project/eprofile/node_modules/@prisma/client/runtime/library.js:121:6958)
    at $n.handleAndLogRequestError (/Users/cangsalak/project/eprofile/node_modules/@prisma/client/runtime/library.js:121:6623)
    at $n.request (/Users/cangsalak/project/eprofile/node_modules/@prisma/client/runtime/library.js:121:6307)
    at async l (/Users/cangsalak/project/eprofile/node_modules/@prisma/client/runtime/library.js:130:9633)
    at async Promise.all (index 0)
    at async ep (/Users/cangsalak/project/eprofile/.next/server/chunks/1823.js:10:7533)
    at async ez (/Users/cangsalak/project/eprofile/.next/server/chunks/1823.js:10:56427)
    at async <anonymous> (webpack://next/dist/esm/server/future/route-modules/app-route/module.js:195:37)
    at async eR.execute (webpack://next/dist/esm/server/future/route-modules/app-route/module.js:124:26) {
  clientVersion: '5.22.0'
}
2026-09-11 16:14:43: Failed to list media files: PrismaClientValidationError: 
Invalid `prisma.mediaFile.count()` invocation:

{
  select: {
    _count: {
      select: {
        _all: true
      }
    }
  },
  where: {
    OR: [
      {
        mimetype: {
          contains: "word"
        }
      },
      {
        mimetype: {
          contains: "excel"
        }
      },
      {
        mimetype: {
          contains: "spreadsheet"
        }
      },
      {
        mimetype: {
          contains: "presentation"
        }
      },
      {
        mimetype: {
          contains: "text/"
        }
      },
      {
        filename: {
          endsWith: ".docx",
          mode: "insensitive"
        }
      },
      {
        filename: {
          endsWith: ".xlsx",
          mode: "insensitive"
        }
      },
      {
        filename: {
          endsWith: ".pptx",
          mode: "insensitive"
        }
      },
      {
        filename: {
          endsWith: ".txt",
          mode: "insensitive"
        }
      },
      {
        filename: {
          endsWith: ".csv",
          mode: "insensitive"
        }
      }
    ]
  }
}

Unknown argument `mode`. Did you mean `lte`? Available options are marked with ?.
    at wn (/Users/cangsalak/project/eprofile/node_modules/@prisma/client/runtime/library.js:29:1363)
    at $n.handleRequestError (/Users/cangsalak/project/eprofile/node_modules/@prisma/client/runtime/library.js:121:6958)
    at $n.handleAndLogRequestError (/Users/cangsalak/project/eprofile/node_modules/@prisma/client/runtime/library.js:121:6623)
    at $n.request (/Users/cangsalak/project/eprofile/node_modules/@prisma/client/runtime/library.js:121:6307)
    at async l (/Users/cangsalak/project/eprofile/node_modules/@prisma/client/runtime/library.js:130:9633)
    at async Promise.all (index 0)
    at async ep (/Users/cangsalak/project/eprofile/.next/server/chunks/1823.js:10:7533)
    at async ez (/Users/cangsalak/project/eprofile/.next/server/chunks/1823.js:10:56427)
    at async <anonymous> (webpack://next/dist/esm/server/future/route-modules/app-route/module.js:195:37)
    at async eR.execute (webpack://next/dist/esm/server/future/route-modules/app-route/module.js:124:26) {
  clientVersion: '5.22.0'
}
2026-09-11 16:14:44: Failed to list media files: PrismaClientValidationError: 
Invalid `prisma.mediaFile.count()` invocation:

{
  select: {
    _count: {
      select: {
        _all: true
      }
    }
  },
  where: {
    OR: [
      {
        mimetype: "application/pdf"
      },
      {
        filename: {
          endsWith: ".pdf",
          mode: "insensitive"
        }
      }
    ]
  }
}

Unknown argument `mode`. Did you mean `lte`? Available options are marked with ?.
    at wn (/Users/cangsalak/project/eprofile/node_modules/@prisma/client/runtime/library.js:29:1363)
    at $n.handleRequestError (/Users/cangsalak/project/eprofile/node_modules/@prisma/client/runtime/library.js:121:6958)
    at $n.handleAndLogRequestError (/Users/cangsalak/project/eprofile/node_modules/@prisma/client/runtime/library.js:121:6623)
    at $n.request (/Users/cangsalak/project/eprofile/node_modules/@prisma/client/runtime/library.js:121:6307)
    at async l (/Users/cangsalak/project/eprofile/node_modules/@prisma/client/runtime/library.js:130:9633)
    at async Promise.all (index 0)
    at async ep (/Users/cangsalak/project/eprofile/.next/server/chunks/1823.js:10:7533)
    at async ez (/Users/cangsalak/project/eprofile/.next/server/chunks/1823.js:10:56427)
    at async <anonymous> (webpack://next/dist/esm/server/future/route-modules/app-route/module.js:195:37)
    at async eR.execute (webpack://next/dist/esm/server/future/route-modules/app-route/module.js:124:26) {
  clientVersion: '5.22.0'
}
2026-09-11 16:15:31: 2026-09-11 16:15:31: 2026-09-11 16:15:31:  ⚠ "next start" does not work with "output: standalone" configuration. Use "node .next/standalone/server.js" instead.
2026-09-11 16:19:18: 2026-09-11 16:19:18: 2026-09-11 16:19:18:  ⚠ "next start" does not work with "output: standalone" configuration. Use "node .next/standalone/server.js" instead.
2026-09-11 16:20:22: 2026-09-11 16:20:22: 2026-09-11 16:20:22:  ⚠ "next start" does not work with "output: standalone" configuration. Use "node .next/standalone/server.js" instead.
2026-09-11 16:21:12:  ⨯ Error: Cannot find module '/Users/cangsalak/project/eprofile/.next/server/app/_not-found/page.js'
Require stack:
- /Users/cangsalak/project/eprofile/node_modules/next/dist/server/require.js
- /Users/cangsalak/project/eprofile/node_modules/next/dist/server/next-server.js
- /Users/cangsalak/project/eprofile/node_modules/next/dist/server/next.js
- /Users/cangsalak/project/eprofile/node_modules/next/dist/server/lib/start-server.js
- /Users/cangsalak/project/eprofile/node_modules/next/dist/cli/next-start.js
    at Module.<anonymous> (node:internal/modules/cjs/loader:1564:15)
    at <anonymous> (/Users/cangsalak/project/eprofile/node_modules/next/src/server/require-hook.ts:51:34)
    at wrapResolveFilename (node:internal/modules/cjs/loader:1118:27)
    at defaultResolveImplForCJSLoading (node:internal/modules/cjs/loader:1142:10)
    at resolveForCJSWithHooks (node:internal/modules/cjs/loader:1169:12)
    at Module._load (node:internal/modules/cjs/loader:1341:5)
    at wrapModuleLoad (node:internal/modules/cjs/loader:261:19)
    at Module.<anonymous> (node:internal/modules/cjs/loader:1674:12)
    at Module.mod.require (/Users/cangsalak/project/eprofile/node_modules/next/src/server/require-hook.ts:70:26)
    at require (node:internal/modules/helpers:157:16) {
  code: 'MODULE_NOT_FOUND',
  requireStack: [
    '/Users/cangsalak/project/eprofile/node_modules/next/dist/server/require.js',
    '/Users/cangsalak/project/eprofile/node_modules/next/dist/server/next-server.js',
    '/Users/cangsalak/project/eprofile/node_modules/next/dist/server/next.js',
    '/Users/cangsalak/project/eprofile/node_modules/next/dist/server/lib/start-server.js',
    '/Users/cangsalak/project/eprofile/node_modules/next/dist/cli/next-start.js'
  ]
}
2026-09-11 16:21:37: 2026-09-11 16:21:37: 2026-09-11 16:21:37:  ⚠ "next start" does not work with "output: standalone" configuration. Use "node .next/standalone/server.js" instead.
2026-09-11 16:22:54: 2026-09-11 16:22:54: 2026-09-11 16:22:54:  ⚠ "next start" does not work with "output: standalone" configuration. Use "node .next/standalone/server.js" instead.
2026-09-11 16:24:16: 2026-09-11 16:24:16: 2026-09-11 16:24:16:  ⚠ "next start" does not work with "output: standalone" configuration. Use "node .next/standalone/server.js" instead.
2026-09-11 16:25:18: 2026-09-11 16:25:18: 2026-09-11 16:25:18:  ⚠ "next start" does not work with "output: standalone" configuration. Use "node .next/standalone/server.js" instead.
2026-09-11 16:26:51: 2026-09-11 16:26:51: 2026-09-11 16:26:51:  ⚠ "next start" does not work with "output: standalone" configuration. Use "node .next/standalone/server.js" instead.
2026-09-14 09:27:03:  ⨯ Error: NextResponse.next() was used in a app route handler, this is not supported. See here for more info: https://nextjs.org/docs/messages/next-response-next-in-app-route-handler
    at eR.execute (webpack://next/dist/esm/server/future/route-modules/app-route/module.js:250:19)
    at async eR.handle (webpack://next/dist/esm/server/future/route-modules/app-route/module.js:257:30)
    at async doRender (/Users/cangsalak/project/eprofile/node_modules/next/src/server/base-server.ts:2273:30)
    at async cacheEntry.responseCache.get.routeKind (/Users/cangsalak/project/eprofile/node_modules/next/src/server/base-server.ts:2591:24)
    at async NextNodeServer.renderToResponseWithComponentsImpl (/Users/cangsalak/project/eprofile/node_modules/next/src/server/base-server.ts:2454:24)
    at async NextNodeServer.renderPageComponent (/Users/cangsalak/project/eprofile/node_modules/next/src/server/base-server.ts:3040:16)
    at async NextNodeServer.renderToResponseImpl (/Users/cangsalak/project/eprofile/node_modules/next/src/server/base-server.ts:3102:24)
    at async NextNodeServer.pipeImpl (/Users/cangsalak/project/eprofile/node_modules/next/src/server/base-server.ts:1544:21)
    at async NextNodeServer.NextNodeServer.handleCatchallRenderRequest (/Users/cangsalak/project/eprofile/node_modules/next/src/server/next-server.ts:1007:7)
    at async NextNodeServer.handleRequestImpl (/Users/cangsalak/project/eprofile/node_modules/next/src/server/base-server.ts:1325:9)
2026-09-14 10:21:18: 2026-09-14 10:21:18: 2026-09-14 10:21:18:  ⚠ "next start" does not work with "output: standalone" configuration. Use "node .next/standalone/server.js" instead.
2026-09-14 10:23:29: 2026-09-14 10:23:29: 2026-09-14 10:23:29:  ⚠ "next start" does not work with "output: standalone" configuration. Use "node .next/standalone/server.js" instead.
2026-09-14 10:24:19: 2026-09-14 10:24:19: 2026-09-14 10:24:20:  ⚠ "next start" does not work with "output: standalone" configuration. Use "node .next/standalone/server.js" instead.
2026-09-14 10:26:36: 2026-09-14 10:26:36: 2026-09-14 10:26:36:  ⚠ "next start" does not work with "output: standalone" configuration. Use "node .next/standalone/server.js" instead.
2026-09-14 10:27:33: 2026-09-14 10:27:33: 2026-09-14 10:27:33:  ⚠ "next start" does not work with "output: standalone" configuration. Use "node .next/standalone/server.js" instead.
2026-09-14 10:28:37: 2026-09-14 10:28:37: 2026-09-14 10:28:37:  ⚠ "next start" does not work with "output: standalone" configuration. Use "node .next/standalone/server.js" instead.
2026-09-14 10:30:20: 2026-09-14 10:30:20: 2026-09-14 10:30:20:  ⚠ "next start" does not work with "output: standalone" configuration. Use "node .next/standalone/server.js" instead.
2026-09-14 10:31:30: 2026-09-14 10:31:30: 2026-09-14 10:31:30:  ⚠ "next start" does not work with "output: standalone" configuration. Use "node .next/standalone/server.js" instead.
2026-09-14 10:33:01: 2026-09-14 10:33:01: 2026-09-14 10:33:01:  ⚠ "next start" does not work with "output: standalone" configuration. Use "node .next/standalone/server.js" instead.
2026-09-14 10:34:35: 2026-09-14 10:34:35: 2026-09-14 10:34:35:  ⚠ "next start" does not work with "output: standalone" configuration. Use "node .next/standalone/server.js" instead.
2026-09-14 10:40:32: 2026-09-14 10:40:32: 2026-09-14 10:40:32:  ⚠ "next start" does not work with "output: standalone" configuration. Use "node .next/standalone/server.js" instead.
2026-09-14 10:42:11: 2026-09-14 10:42:11: 2026-09-14 10:42:11:  ⚠ "next start" does not work with "output: standalone" configuration. Use "node .next/standalone/server.js" instead.
2026-09-14 10:45:24: 2026-09-14 10:45:24: 2026-09-14 10:45:24:  ⚠ "next start" does not work with "output: standalone" configuration. Use "node .next/standalone/server.js" instead.
2026-09-14 10:46:39: 2026-09-14 10:46:39: 2026-09-14 10:46:39:  ⚠ "next start" does not work with "output: standalone" configuration. Use "node .next/standalone/server.js" instead.
2026-09-14 11:03:24: 2026-09-14 11:03:24: 2026-09-14 11:03:24:  ⚠ "next start" does not work with "output: standalone" configuration. Use "node .next/standalone/server.js" instead.
2026-09-14 11:05:05: 2026-09-14 11:05:05: 2026-09-14 11:05:05:  ⚠ "next start" does not work with "output: standalone" configuration. Use "node .next/standalone/server.js" instead.
2026-09-14 11:07:39: 2026-09-14 11:07:39: 2026-09-14 11:07:39:  ⚠ "next start" does not work with "output: standalone" configuration. Use "node .next/standalone/server.js" instead.
2026-09-14 11:07:53: Failed to fetch settings: PrismaClientKnownRequestError: 
Invalid `prisma.systemSetting.findMany()` invocation:


The table `main.SystemSetting` does not exist in the current database.
    at $n.handleRequestError (/Users/cangsalak/project/eprofile/node_modules/@prisma/client/runtime/library.js:121:7315)
    at $n.handleAndLogRequestError (/Users/cangsalak/project/eprofile/node_modules/@prisma/client/runtime/library.js:121:6623)
    at $n.request (/Users/cangsalak/project/eprofile/node_modules/@prisma/client/runtime/library.js:121:6307)
    at async l (/Users/cangsalak/project/eprofile/node_modules/@prisma/client/runtime/library.js:130:9633)
    at async GET (/Users/cangsalak/project/eprofile/.next/server/chunks/803.js:27:14120)
    at async aE (/Users/cangsalak/project/eprofile/.next/server/chunks/803.js:27:20672)
    at async <anonymous> (webpack://next/dist/esm/server/future/route-modules/app-route/module.js:195:37)
    at async eR.execute (webpack://next/dist/esm/server/future/route-modules/app-route/module.js:124:26)
    at async eR.handle (webpack://next/dist/esm/server/future/route-modules/app-route/module.js:257:30)
    at async doRender (/Users/cangsalak/project/eprofile/node_modules/next/src/server/base-server.ts:2273:30) {
  code: 'P2021',
  clientVersion: '5.22.0',
  meta: { modelName: 'SystemSetting', table: 'main.SystemSetting' }
}
2026-09-14 11:07:53: Failed to fetch settings: PrismaClientKnownRequestError: 
Invalid `prisma.systemSetting.findMany()` invocation:


The table `main.SystemSetting` does not exist in the current database.
    at $n.handleRequestError (/Users/cangsalak/project/eprofile/node_modules/@prisma/client/runtime/library.js:121:7315)
    at $n.handleAndLogRequestError (/Users/cangsalak/project/eprofile/node_modules/@prisma/client/runtime/library.js:121:6623)
    at $n.request (/Users/cangsalak/project/eprofile/node_modules/@prisma/client/runtime/library.js:121:6307)
    at async l (/Users/cangsalak/project/eprofile/node_modules/@prisma/client/runtime/library.js:130:9633)
    at async GET (/Users/cangsalak/project/eprofile/.next/server/chunks/803.js:27:14120)
    at async aE (/Users/cangsalak/project/eprofile/.next/server/chunks/803.js:27:20672)
    at async <anonymous> (webpack://next/dist/esm/server/future/route-modules/app-route/module.js:195:37)
    at async eR.execute (webpack://next/dist/esm/server/future/route-modules/app-route/module.js:124:26)
    at async eR.handle (webpack://next/dist/esm/server/future/route-modules/app-route/module.js:257:30)
    at async doRender (/Users/cangsalak/project/eprofile/node_modules/next/src/server/base-server.ts:2273:30) {
  code: 'P2021',
  clientVersion: '5.22.0',
  meta: { modelName: 'SystemSetting', table: 'main.SystemSetting' }
}
2026-09-14 11:13:10: Failed to fetch settings: PrismaClientKnownRequestError: 
Invalid `prisma.systemSetting.findMany()` invocation:


The table `main.SystemSetting` does not exist in the current database.
    at $n.handleRequestError (/Users/cangsalak/project/eprofile/node_modules/@prisma/client/runtime/library.js:121:7315)
    at $n.handleAndLogRequestError (/Users/cangsalak/project/eprofile/node_modules/@prisma/client/runtime/library.js:121:6623)
    at $n.request (/Users/cangsalak/project/eprofile/node_modules/@prisma/client/runtime/library.js:121:6307)
    at async l (/Users/cangsalak/project/eprofile/node_modules/@prisma/client/runtime/library.js:130:9633)
    at async GET (/Users/cangsalak/project/eprofile/.next/server/chunks/803.js:27:14120)
    at async aE (/Users/cangsalak/project/eprofile/.next/server/chunks/803.js:27:20672)
    at async <anonymous> (webpack://next/dist/esm/server/future/route-modules/app-route/module.js:195:37)
    at async eR.execute (webpack://next/dist/esm/server/future/route-modules/app-route/module.js:124:26)
    at async eR.handle (webpack://next/dist/esm/server/future/route-modules/app-route/module.js:257:30)
    at async doRender (/Users/cangsalak/project/eprofile/node_modules/next/src/server/base-server.ts:2273:30) {
  code: 'P2021',
  clientVersion: '5.22.0',
  meta: { modelName: 'SystemSetting', table: 'main.SystemSetting' }
}
2026-09-14 11:13:28: Failed to fetch settings: PrismaClientKnownRequestError: 
Invalid `prisma.systemSetting.findMany()` invocation:


The table `main.SystemSetting` does not exist in the current database.
    at $n.handleRequestError (/Users/cangsalak/project/eprofile/node_modules/@prisma/client/runtime/library.js:121:7315)
    at $n.handleAndLogRequestError (/Users/cangsalak/project/eprofile/node_modules/@prisma/client/runtime/library.js:121:6623)
    at $n.request (/Users/cangsalak/project/eprofile/node_modules/@prisma/client/runtime/library.js:121:6307)
    at async l (/Users/cangsalak/project/eprofile/node_modules/@prisma/client/runtime/library.js:130:9633)
    at async GET (/Users/cangsalak/project/eprofile/.next/server/chunks/803.js:27:14120)
    at async aE (/Users/cangsalak/project/eprofile/.next/server/chunks/803.js:27:20672)
    at async <anonymous> (webpack://next/dist/esm/server/future/route-modules/app-route/module.js:195:37)
    at async eR.execute (webpack://next/dist/esm/server/future/route-modules/app-route/module.js:124:26)
    at async eR.handle (webpack://next/dist/esm/server/future/route-modules/app-route/module.js:257:30)
    at async doRender (/Users/cangsalak/project/eprofile/node_modules/next/src/server/base-server.ts:2273:30) {
  code: 'P2021',
  clientVersion: '5.22.0',
  meta: { modelName: 'SystemSetting', table: 'main.SystemSetting' }
}
2026-09-14 11:13:39: Failed to fetch settings: PrismaClientKnownRequestError: 
Invalid `prisma.systemSetting.findMany()` invocation:


The table `main.SystemSetting` does not exist in the current database.
    at $n.handleRequestError (/Users/cangsalak/project/eprofile/node_modules/@prisma/client/runtime/library.js:121:7315)
    at $n.handleAndLogRequestError (/Users/cangsalak/project/eprofile/node_modules/@prisma/client/runtime/library.js:121:6623)
    at $n.request (/Users/cangsalak/project/eprofile/node_modules/@prisma/client/runtime/library.js:121:6307)
    at async l (/Users/cangsalak/project/eprofile/node_modules/@prisma/client/runtime/library.js:130:9633)
    at async GET (/Users/cangsalak/project/eprofile/.next/server/chunks/803.js:27:14120)
    at async aE (/Users/cangsalak/project/eprofile/.next/server/chunks/803.js:27:20672)
    at async <anonymous> (webpack://next/dist/esm/server/future/route-modules/app-route/module.js:195:37)
    at async eR.execute (webpack://next/dist/esm/server/future/route-modules/app-route/module.js:124:26)
    at async eR.handle (webpack://next/dist/esm/server/future/route-modules/app-route/module.js:257:30)
    at async doRender (/Users/cangsalak/project/eprofile/node_modules/next/src/server/base-server.ts:2273:30) {
  code: 'P2021',
  clientVersion: '5.22.0',
  meta: { modelName: 'SystemSetting', table: 'main.SystemSetting' }
}
2026-09-15 09:00:43: 2026-09-15 09:00:43: 2026-09-15 09:00:46: 2026-09-15 09:00:46: 2026-09-15 09:00:49: 2026-09-15 09:00:49: 2026-09-15 09:00:53: 2026-09-15 09:00:53: 2026-09-15 09:00:56: 2026-09-15 09:00:56: 2026-09-15 09:01:00: 2026-09-15 09:01:00: 2026-09-15 09:01:03: 2026-09-15 09:01:03: 2026-09-15 09:01:06: 2026-09-15 09:01:06: 2026-09-15 09:01:10: 2026-09-15 09:01:10: 2026-09-15 09:01:10:  ⚠ "next start" does not work with "output: standalone" configuration. Use "node .next/standalone/server.js" instead.
2026-09-15 09:05:44: 2026-09-15 09:05:44: 2026-09-15 09:05:44:  ⚠ "next start" does not work with "output: standalone" configuration. Use "node .next/standalone/server.js" instead.
2026-09-15 09:10:24: 2026-09-15 09:10:24: 2026-09-15 09:10:24:  ⚠ "next start" does not work with "output: standalone" configuration. Use "node .next/standalone/server.js" instead.
2026-09-15 09:18:10: 2026-09-15 09:18:10: 2026-09-15 09:18:10:  ⚠ "next start" does not work with "output: standalone" configuration. Use "node .next/standalone/server.js" instead.
2026-09-15 09:31:52: 2026-09-15 09:31:52: 2026-09-15 09:31:52:  ⚠ "next start" does not work with "output: standalone" configuration. Use "node .next/standalone/server.js" instead.
2026-09-15 09:36:36: 2026-09-15 09:36:36: 2026-09-15 09:36:36:  ⚠ "next start" does not work with "output: standalone" configuration. Use "node .next/standalone/server.js" instead.
